'ShortRingAnchor.proposition36_of_source_scales' depends on axioms: [propext, Classical.choice, Quot.sound]
'ShortRingAnchor.verticalGrid_cover' depends on axioms: [propext, Classical.choice, Quot.sound]
'ShortRingAnchor.verticalStieltjesGridGood_norm_le_three' depends on axioms: [propext, Classical.choice, Quot.sound]
'ShortRingAnchor.smallHermitizationEigenvalueIndices_eq_v3' depends on axioms: [propext, Classical.choice, Quot.sound]
'ShortRingAnchor.verticalStieltjesGridGood_count' depends on axioms: [propext, Classical.choice, Quot.sound]
'ShortRingAnchor.verticalStieltjesGridGood_bad_le' depends on axioms: [propext, Classical.choice, Quot.sound]
'ShortRingAnchor.hardEdgeCutoff_eighth_power' depends on axioms: [propext, Classical.choice, Quot.sound]
'ShortRingAnchor.hardEdgeCutoff_lower' depends on axioms: [propext, Classical.choice, Quot.sound]
'ShortRingAnchor.eventually_formula311Error_hardEdge' depends on axioms: [propext, Classical.choice, Quot.sound]
'ShortRingAnchor.hermitizationAllCutoffsCountingInput_of_v3_model' depends on axioms: [propext,
 Classical.choice,
 Quot.sound]
'ShortRingAnchor.hermitizationAllCutoffsCountingInput_cyclic' depends on axioms: [propext, Classical.choice, Quot.sound]
'ShortRingAnchor.proposition36_cyclicShortRing_of_atom_copies_bbv_and_lsv' depends on axioms: [propext,
 Classical.choice,
 Quot.sound]
'ShortRingAnchor.proposition36_cyclicShortRing_of_source_scales' depends on axioms: [propext,
 Classical.choice,
 Quot.sound]
'ShortRingAnchor.proposition36_matrix_form_highProbability' depends on axioms: [propext, Classical.choice, Quot.sound]
'ShortRingAnchor.proposition36_matrix_form_ae' depends on axioms: [propext, Classical.choice, Quot.sound]
'ShortRingAnchor.empiricalLog_convergesInProbability_of_truncations' depends on axioms: [propext,
 Classical.choice,
 Quot.sound]
'ShortRingAnchor.abs_empiricalClippedLog_sub_le_cdfDistanceOn_zero_sq' depends on axioms: [propext,
 Classical.choice,
 Quot.sound]
'ShortRingAnchor.normalizedSmallLogMass_convergesInProbability_zero' depends on axioms: [propext,
 Classical.choice,
 Quot.sound]
'ShortRingAnchor.ginibreSmallLogMass_convergesInProbability_zero' depends on axioms: [propext,
 Classical.choice,
 Quot.sound]
'ShortRingAnchor.upperRawLogTail_le_log_div_sq_mul_sq' depends on axioms: [propext, Classical.choice, Quot.sound]
'ShortRingAnchor.sum_sq_matrixSingularValue_eq_sum_norm_sq_entries' depends on axioms: [propext,
 Classical.choice,
 Quot.sound]
'ShortRingAnchor.upperSecondMomentInputs_of_centered_matrix_entries' depends on axioms: [propext,
 Classical.choice,
 Quot.sound]
'ShortRingAnchor.centeredMatrixRowSecondMomentInputs_cyclicShortRing' depends on axioms: [propext,
 Classical.choice,
 Quot.sound]
'ShortRingAnchor.normalizedDenseMatrixProcess_centeredRowSecondMomentInputs' depends on axioms: [propext,
 Classical.choice,
 Quot.sound]
'ShortRingAnchor.AtomMomentAssumption21.integrable' depends on axioms: [propext, Classical.choice, Quot.sound]
'ShortRingAnchor.AtomMomentAssumption21.normSqIntegrable' depends on axioms: [propext, Classical.choice, Quot.sound]
'ShortRingAnchor.RingEntryMomentCopies21.centeredMatrixRowSecondMomentInputs' depends on axioms: [propext,
 Classical.choice,
 Quot.sound]
'ShortRingAnchor.DenseAtomMomentCopies21.centeredMatrixRowSecondMomentInputs' depends on axioms: [propext,
 Classical.choice,
 Quot.sound]
'ShortRingAnchor.theorem31LeastSingularValueInput_of_minimum' depends on axioms: [propext, Classical.choice, Quot.sound]
'ShortRingAnchor.Theorem31MinimumSingularValueInput.det_ne_zero_on_good' depends on axioms: [propext,
 Classical.choice,
 Quot.sound]
'ShortRingAnchor.Theorem31MinimumSingularValueInput.singular_probability_tendsto_zero' depends on axioms: [propext,
 Classical.choice,
 Quot.sound]
'ShortRingAnchor.UpperCorrectionsUniformlyNegligible.congr_on_good' depends on axioms: [propext,
 Classical.choice,
 Quot.sound]
'ShortRingAnchor.shiftedNonsingularInProbability_of_ae' depends on axioms: [propext, Classical.choice, Quot.sound]
'ShortRingAnchor.Proposition34AllCutoffsInput.specialize_eventually' depends on axioms: [propext,
 Classical.choice,
 Quot.sound]
'ShortRingAnchor.smallSingularValue_card_le_smallHermitizationEigenvalue_card' depends on axioms: [propext,
 Classical.choice,
 Quot.sound]
'ShortRingAnchor.proposition34AllCutoffsInput_of_hermitization' depends on axioms: [propext,
 Classical.choice,
 Quot.sound]
'ShortRingAnchor.sourceHardEdgeError_tendsto_zero' depends on axioms: [propext, Classical.choice, Quot.sound]
'ShortRingAnchor.sourceBulkCutoffBookkeeping_tendsto_zero' depends on axioms: [propext, Classical.choice, Quot.sound]
'ShortRingAnchor.manuscriptHardEdgeCutoff_le_sourceCutoff_eventually' depends on axioms: [propext,
 Classical.choice,
 Quot.sound]
'ShortRingAnchor.norm_det_eq_prod_matrixSingularValue' depends on axioms: [propext, Classical.choice, Quot.sound]
'ShortRingAnchor.shiftedDetPolynomial_ne_zero' depends on axioms: [propext, Classical.choice, Quot.sound]
'ShortRingAnchor.shifted_det_ne_zero_ae_of_law_absolutelyContinuous' depends on axioms: [propext,
 Classical.choice,
 Quot.sound]
'ShortRingAnchor.cyclicShortRingShiftedDetPolynomial_ne_zero' depends on axioms: [propext, Classical.choice, Quot.sound]
'ShortRingAnchor.cyclicShortRing_shifted_det_ne_zero_ae' depends on axioms: [propext, Classical.choice, Quot.sound]
'ShortRingAnchor.mvPolynomial_eval_ne_zero_ae_pi' depends on axioms: [propext, Classical.choice, Quot.sound]
'ShortRingAnchor.mvPolynomial_zeroSet_volume' depends on axioms: [propext, Classical.choice, Quot.sound]
'ShortRingAnchor.hasNullMvPolynomialZeroSets_pi' depends on axioms: [propext, Classical.choice, Quot.sound]
'ShortRingAnchor.hasNullMvPolynomialZeroSets_volume' depends on axioms: [propext, Classical.choice, Quot.sound]
'ShortRingAnchor.HasBoundedDensityWithRespectTo.absolutelyContinuous' depends on axioms: [propext,
 Classical.choice,
 Quot.sound]
'ShortRingAnchor.AtomDensityAlternative21.nullSingletonClass' depends on axioms: [propext, Classical.choice, Quot.sound]
'ShortRingAnchor.finite_product_absolutelyContinuous' depends on axioms: [propext, Classical.choice, Quot.sound]
'ShortRingAnchor.independent_jointLaw_absolutelyContinuous' depends on axioms: [propext, Classical.choice, Quot.sound]
'ShortRingAnchor.independent_complex_jointLaw_of_boundedDensity' depends on axioms: [propext,
 Classical.choice,
 Quot.sound]
'ShortRingAnchor.independent_real_jointLaw_of_boundedDensity' depends on axioms: [propext, Classical.choice, Quot.sound]
'ShortRingAnchor.shifted_det_ne_zero_ae_of_law_absolutelyContinuous_volume' depends on axioms: [propext,
 Classical.choice,
 Quot.sound]
'ShortRingAnchor.mvPolynomial_ne_zero_ae_of_independent_nonatomic' depends on axioms: [propext,
 Classical.choice,
 Quot.sound]
'ShortRingAnchor.mvPolynomial_ne_zero_ae_of_independent_density' depends on axioms: [propext,
 Classical.choice,
 Quot.sound]
'ShortRingAnchor.shifted_det_ne_zero_ae_of_independent_density' depends on axioms: [propext,
 Classical.choice,
 Quot.sound]
'ShortRingAnchor.cyclicShortRing_shifted_det_ne_zero_ae_of_independent_density' depends on axioms: [propext,
 Classical.choice,
 Quot.sound]
'ShortRingAnchor.det_div_sub_smul_ne_zero' depends on axioms: [propext, Classical.choice, Quot.sound]
'ShortRingAnchor.normalizedDense_shifted_det_ne_zero_ae_of_independent_density' depends on axioms: [propext,
 Classical.choice,
 Quot.sound]
'ShortRingAnchor.normalizedDense_shiftedNonsingularInProbability_of_independent_density' depends on axioms: [propext,
 Classical.choice,
 Quot.sound]
'ShortRingAnchor.BC12.ginibreOnePointDensity_le_inv_pi' depends on axioms: [propext, Classical.choice, Quot.sound]
'ShortRingAnchor.BC12.ginibreOnePointDensity_le_gaussian' depends on axioms: [propext, Classical.choice, Quot.sound]
'ShortRingAnchor.BC12.ginibreOnePointDensity_tendsto' depends on axioms: [propext, Classical.choice, Quot.sound]
'ShortRingAnchor.BC12.norm_ne_one_ae_complex' depends on axioms: [propext, Classical.choice, Quot.sound]
'ShortRingAnchor.BC12.integral_mul_ginibreOnePointDensity_tendsto' depends on axioms: [propext,
 Classical.choice,
 Quot.sound]
'ShortRingAnchor.BC12.centered_convergesInProbability_of_square_bound' depends on axioms: [propext,
 Classical.choice,
 Quot.sound]
'ShortRingAnchor.BC12.convergesInProbability_of_mean_and_square_bound' depends on axioms: [propext,
 Classical.choice,
 Quot.sound]
'ShortRingAnchor.BC12.negativeMomentTightness_of_uniform_integral_bound' depends on axioms: [propext,
 Classical.choice,
 Quot.sound]
'ShortRingAnchor.BC12.ginibre_variance_le_of_formulas' depends on axioms: [propext, Classical.choice, Quot.sound]
'ShortRingAnchor.BC12.ginibre_statistic_convergesInProbability_of_formulas' depends on axioms: [propext,
 Classical.choice,
 Quot.sound]
'ShortRingAnchor.BC12.integrable_log_sq_mul_ginibreEnvelope' depends on axioms: [propext, Classical.choice, Quot.sound]
'ShortRingAnchor.BC12.integrable_abs_log_mul_ginibreEnvelope' depends on axioms: [propext, Classical.choice, Quot.sound]
'ShortRingAnchor.BC12.integral_eq_radial_circleAverage' depends on axioms: [propext, Classical.choice, Quot.sound]
'ShortRingAnchor.BC12.integral_mul_log_from_zero' depends on axioms: [propext, Classical.choice, Quot.sound]
'ShortRingAnchor.BC12.integral_log_mul_circularDensity' depends on axioms: [propext, Classical.choice, Quot.sound]
'ShortRingAnchor.BC12.exists_eigenvalueEnumeration' depends on axioms: [propext, Classical.choice, Quot.sound]
'ShortRingAnchor.BC12.matrixEigenvalues_spec' depends on axioms: [propext, Classical.choice, Quot.sound]
'ShortRingAnchor.BC12.eigenvalues_ne_fixed_ae_of_firstMoment' depends on axioms: [propext, Classical.choice, Quot.sound]
'ShortRingAnchor.BC12.normalizedShiftLogDet_eq_eigenvalueStatistic' depends on axioms: [propext,
 Classical.choice,
 Quot.sound]
'ShortRingAnchor.BC12.ginibre_log_statistic_convergesInProbability_of_formulas' depends on axioms: [propext,
 Classical.choice,
 Quot.sound]
'ShortRingAnchor.BC12.ginibre_logdet_convergesInProbability_of_formulas' depends on axioms: [propext,
 Classical.choice,
 Quot.sound]
'ShortRingAnchor.BC12.ginibre_matrix_logdet_convergesInProbability_of_formulas' depends on axioms: [propext,
 Classical.choice,
 Quot.sound]
'ShortRingAnchor.BC12.continuousOn_rpow_positive_interval' depends on axioms: [propext, Classical.choice, Quot.sound]
'ShortRingAnchor.BC12.integral_lower_indicator_eq_clamp' depends on axioms: [propext, Classical.choice, Quot.sound]
'ShortRingAnchor.BC12.integral_negative_power_kernel' depends on axioms: [propext, Classical.choice, Quot.sound]
'ShortRingAnchor.BC12.clamped_negativePower_layerCake' depends on axioms: [propext, Classical.choice, Quot.sound]
'ShortRingAnchor.BC12.sum_lower_indicators' depends on axioms: [propext, Classical.choice, Quot.sound]
'ShortRingAnchor.BC12.empirical_clamped_negativePower_le' depends on axioms: [propext, Classical.choice, Quot.sound]
'ShortRingAnchor.BC12.negativePower_le_clamped_add_low' depends on axioms: [propext, Classical.choice, Quot.sound]
'ShortRingAnchor.BC12.normalizedNegativeMoment_le_of_count' depends on axioms: [propext, Classical.choice, Quot.sound]
'ShortRingAnchor.BC12.boundedInProbability_of_bound_on_good' depends on axioms: [propext, Classical.choice, Quot.sound]
'ShortRingAnchor.BC12.negativeMomentTightness_of_count_and_lower' depends on axioms: [propext,
 Classical.choice,
 Quot.sound]
'ShortRingAnchor.BC12.polynomial_negativeMoment_balance' depends on axioms: [propext, Classical.choice, Quot.sound]
'ShortRingAnchor.BC12.normalizedNegativeMoment_one_div_128_le' depends on axioms: [propext,
 Classical.choice,
 Quot.sound]
'ShortRingAnchor.horizontalGrid_cover' depends on axioms: [propext, Classical.choice, Quot.sound]
'ShortRingAnchor.horizontalGridSize_le' depends on axioms: [propext, Classical.choice, Quot.sound]
'ShortRingAnchor.horizontalGrid_comparison' depends on axioms: [propext, Classical.choice, Quot.sound]
'ShortRingAnchor.measure_horizontal_comparison_bad_le' depends on axioms: [propext, Classical.choice, Quot.sound]
'ShortRingAnchor.eventually_formula311Error_le_explicit_allEta' depends on axioms: [propext,
 Classical.choice,
 Quot.sound]
'ShortRingAnchor.eventually_formula311Error_le_explicit_nat_allEta' depends on axioms: [propext,
 Classical.choice,
 Quot.sound]
'ShortRingAnchor.horizontalGridSize_polynomial_le' depends on axioms: [propext, Classical.choice, Quot.sound]
'ShortRingAnchor.horizontalPolynomial_interpolation_error_le' depends on axioms: [propext, Classical.choice, Quot.sound]
'ShortRingAnchor.inverse_height_sq_le_dimension' depends on axioms: [propext, Classical.choice, Quot.sound]
'ShortRingAnchor.horizontalGrid_comparison_polynomial' depends on axioms: [propext, Classical.choice, Quot.sound]
'ShortRingAnchor.horizontalPolynomial_failure_budget' depends on axioms: [propext, Classical.choice, Quot.sound]
'ShortRingAnchor.measure_horizontal_comparison_bad_polynomial_le' depends on axioms: [propext,
 Classical.choice,
 Quot.sound]
'ShortRingAnchor.probability_tendsto_zero_of_truncated_and_tight' depends on axioms: [propext,
 Classical.choice,
 Quot.sound]
'ShortRingAnchor.probability_tendsto_zero_of_truncated_and_mean_bound' depends on axioms: [propext,
 Classical.choice,
 Quot.sound]
'ShortRingAnchor.arctan_le_self_nonneg' depends on axioms: [propext, Classical.choice, Quot.sound]
'ShortRingAnchor.arctan_upper_tail_le' depends on axioms: [propext, Classical.choice, Quot.sound]
'ShortRingAnchor.arctan_lower_tail_le' depends on axioms: [propext, Classical.choice, Quot.sound]
'ShortRingAnchor.poissonWindow_nonneg' depends on axioms: [propext, Classical.choice, Quot.sound]
'ShortRingAnchor.poissonWindow_le_one' depends on axioms: [propext, Classical.choice, Quot.sound]
'ShortRingAnchor.one_le_poissonWindow_enlarged_add_tail' depends on axioms: [propext, Classical.choice, Quot.sound]
'ShortRingAnchor.closedIntervalIndicator_le_poissonWindow_enlarged_add_tail' depends on axioms: [propext,
 Classical.choice,
 Quot.sound]
'ShortRingAnchor.poissonWindow_le_closedIntervalIndicator_enlarged_add_tail' depends on axioms: [propext,
 Classical.choice,
 Quot.sound]
'ShortRingAnchor.continuous_poissonKernel_shift' depends on axioms: [propext, Classical.choice, Quot.sound]
'ShortRingAnchor.hasDerivAt_arctan_shift' depends on axioms: [propext, Classical.choice, Quot.sound]
'ShortRingAnchor.poissonWindow_eq_integral' depends on axioms: [propext, Classical.choice, Quot.sound]
'ShortRingAnchor.smoothing_empiricalAverage_mono' depends on axioms: [propext, Classical.choice, Quot.sound]
'ShortRingAnchor.smoothing_empiricalAverage_add_const' depends on axioms: [propext, Classical.choice, Quot.sound]
'ShortRingAnchor.empiricalIntervalMass_le_smoothed_enlarged' depends on axioms: [propext, Classical.choice, Quot.sound]
'ShortRingAnchor.empiricalSmoothedMass_le_interval_enlarged' depends on axioms: [propext, Classical.choice, Quot.sound]
'ShortRingAnchor.continuous_empiricalStieltjes_im' depends on axioms: [propext, Classical.choice, Quot.sound]
'ShortRingAnchor.empiricalSmoothedMass_eq_integral_im' depends on axioms: [propext, Classical.choice, Quot.sound]
'ShortRingAnchor.empiricalSmoothedMass_le_length_mul' depends on axioms: [propext, Classical.choice, Quot.sound]
'ShortRingAnchor.empiricalSmoothedMass_le_comparison' depends on axioms: [propext, Classical.choice, Quot.sound]
'ShortRingAnchor.empiricalIntervalMass_enlarged_le' depends on axioms: [propext, Classical.choice, Quot.sound]
'ShortRingAnchor.empiricalIntervalMass_le_length_from_stieltjes' depends on axioms: [propext,
 Classical.choice,
 Quot.sound]
'ShortRingAnchor.empiricalIntervalMass_le_of_local_stieltjes' depends on axioms: [propext, Classical.choice, Quot.sound]
'ShortRingAnchor.abs_empiricalIntervalMass_sub_le_of_local_stieltjes' depends on axioms: [propext,
 Classical.choice,
 Quot.sound]
'ShortRingAnchor.compact_interval_comparison_of_stieltjes' depends on axioms: [propext, Classical.choice, Quot.sound]
'ShortRingAnchor.closedIntervalIndicator_sqrt_eq' depends on axioms: [propext, Classical.choice, Quot.sound]
'ShortRingAnchor.empiricalIntervalMass_symmetrized_sqrt' depends on axioms: [propext, Classical.choice, Quot.sound]
'ShortRingAnchor.squaredCdfDistanceOn_le_of_stieltjes' depends on axioms: [propext, Classical.choice, Quot.sound]
'ShortRingAnchor.empiricalIntervalMass_zero_eq_cdf' depends on axioms: [propext, Classical.choice, Quot.sound]
'ShortRingAnchor.isBigOInProbability_of_bound_on_good' depends on axioms: [propext, Classical.choice, Quot.sound]
'ShortRingAnchor.lemma35LocalBulkComparisonInput_of_stieltjes' depends on axioms: [propext,
 Classical.choice,
 Quot.sound]
'ShortRingAnchor.hermitization_shift_eq_fromBlocks' depends on axioms: [propext, Classical.choice, Quot.sound]
'ShortRingAnchor.trace_eq_diagonalBlock_traces' depends on axioms: [propext, Classical.choice, Quot.sound]
'ShortRingAnchor.hermitization_inverse_block_equations' depends on axioms: [propext, Classical.choice, Quot.sound]
'ShortRingAnchor.hermitization_inverse_diagonal_traces_eq' depends on axioms: [propext, Classical.choice, Quot.sound]
'ShortRingAnchor.hermitization_inverse_lowerBlock_gram' depends on axioms: [propext, Classical.choice, Quot.sound]
'ShortRingAnchor.real_sub_upperHalfPlane_ne_zero' depends on axioms: [propext, Classical.choice, Quot.sound]
'ShortRingAnchor.real_sq_sub_upperHalfPlane_sq_ne_zero' depends on axioms: [propext, Classical.choice, Quot.sound]
'ShortRingAnchor.symmetric_resolvent_pair' depends on axioms: [propext, Classical.choice, Quot.sound]
'ShortRingAnchor.gram_shift_apply_rightSingularVector' depends on axioms: [propext, Classical.choice, Quot.sound]
'ShortRingAnchor.gram_solution_apply_rightSingularVector' depends on axioms: [propext, Classical.choice, Quot.sound]
'ShortRingAnchor.trace_gram_solution_eq_singular_sum' depends on axioms: [propext, Classical.choice, Quot.sound]
'ShortRingAnchor.normalizedTrace_hermitization_inverse_eq_singularStieltjes' depends on axioms: [propext,
 Classical.choice,
 Quot.sound]
'ShortRingAnchor.matrix_stieltjesTrace_eq_symmetric_singularValues' depends on axioms: [propext,
 Classical.choice,
 Quot.sound]
'ShortRingAnchor.matrix_squaredCdfDistanceOn_le_of_stieltjes' depends on axioms: [propext, Classical.choice, Quot.sound]
'ShortRingAnchor.v3_formula311_canonical_on_good' depends on axioms: [propext, Classical.choice, Quot.sound]
'ShortRingAnchor.v3_concentration_bad_le' depends on axioms: [propext, Classical.choice, Quot.sound]
'ShortRingAnchor.v3_pointwise_comparison_bad_le' depends on axioms: [propext, Classical.choice, Quot.sound]
'ShortRingAnchor.localBulkRateExponent_pos' depends on axioms: [propext, Classical.choice, Quot.sound]
'ShortRingAnchor.localBulkHeight_lower' depends on axioms: [propext, Classical.choice, Quot.sound]
'ShortRingAnchor.localBulkHeight_scale' depends on axioms: [propext, Classical.choice, Quot.sound]
'ShortRingAnchor.sqrt_localBulkHeight_le_rate' depends on axioms: [propext, Classical.choice, Quot.sound]
'ShortRingAnchor.eventually_formula311Error_localBulkHeight' depends on axioms: [propext, Classical.choice, Quot.sound]
'ShortRingAnchor.localBulk_rate_tendsto_zero' depends on axioms: [propext, Classical.choice, Quot.sound]
'ShortRingAnchor.measure_compactStieltjesGridGood_compl_le' depends on axioms: [propext, Classical.choice, Quot.sound]
'ShortRingAnchor.compactStieltjesGridGood_comparison' depends on axioms: [propext, Classical.choice, Quot.sound]
'ShortRingAnchor.compactStieltjesGridGood_reference_im_le_three' depends on axioms: [propext,
 Classical.choice,
 Quot.sound]
'ShortRingAnchor.matrix_stieltjesTrace_horizontal_lipschitz' depends on axioms: [propext, Classical.choice, Quot.sound]
'ShortRingAnchor.matrixLocalBulkGood_cdf_bound' depends on axioms: [propext, Classical.choice, Quot.sound]
'ShortRingAnchor.matrixLocalBulkGood_bad_le' depends on axioms: [propext, Classical.choice, Quot.sound]
'ShortRingAnchor.matrixLocalBulk_failure_budget_tendsto_zero' depends on axioms: [propext, Classical.choice, Quot.sound]
'ShortRingAnchor.lemma35LocalBulkComparisonInput_of_v3_models' depends on axioms: [propext,
 Classical.choice,
 Quot.sound]
'Arxiv2410V3.probabilityAtLeast_stieltjesTrace_complexConcentrationGood_v3_thirtytwo' depends on axioms: [propext,
 Classical.choice,
 Quot.sound]
'Arxiv2410V3.BVH.bvh_remark613_specialized_v3' depends on axioms: [propext, Classical.choice, Quot.sound]
'Arxiv2410V3.BVH.canonicalGaussianCompanion' depends on axioms: [propext, Classical.choice, Quot.sound]
'ShortRingAnchor.cyclicColumn_row_bijective' depends on axioms: [propext, Classical.choice, Quot.sound]
'ShortRingAnchor.cyclicPlacement_sum_at' depends on axioms: [propext, Classical.choice, Quot.sound]
'ShortRingAnchor.cyclicShortRingMatrix_at' depends on axioms: [propext, Classical.choice, Quot.sound]
'ShortRingAnchor.cyclicShortRingMatrix_off_band' depends on axioms: [propext, Classical.choice, Quot.sound]
'ShortRingAnchor.cyclicVarianceCoefficient' depends on axioms: [propext, Classical.choice, Quot.sound]
'ShortRingAnchor.cyclicVarianceCoefficient_at' depends on axioms: [propext, Classical.choice, Quot.sound]
'ShortRingAnchor.cyclicVarianceCoefficient_off_band' depends on axioms: [propext, Classical.choice, Quot.sound]
'ShortRingAnchor.cyclicVarianceCoefficient_sq' depends on axioms: [propext, Classical.choice, Quot.sound]
'ShortRingAnchor.cyclicVarianceCoefficient_col_sq_sum' depends on axioms: [propext, Classical.choice, Quot.sound]
'ShortRingAnchor.cyclicVarianceProfile' depends on axioms: [propext, Classical.choice, Quot.sound]
'ShortRingAnchor.cyclicVarianceProfile_isBandwidth' depends on axioms: [propext, Classical.choice, Quot.sound]
'ShortRingAnchor.iIndepFun_of_constant_outside' depends on axioms: [propext, Classical.choice, Quot.sound]
'ShortRingAnchor.AtomMomentAssumption21.of_identDistrib' depends on axioms: [propext, Classical.choice, Quot.sound]
'ShortRingAnchor.ringEntryMomentCopies21_of_independentAtomCopies' depends on axioms: [propext,
 Classical.choice,
 Quot.sound]
'ShortRingAnchor.denseAtomMomentCopies21_of_independentAtomCopies' depends on axioms: [propext,
 Classical.choice,
 Quot.sound]
'ShortRingAnchor.identDistrib_zero_probability' depends on axioms: [propext, Classical.choice, Quot.sound]
'ShortRingAnchor.cyclicShortRingRandomMatrix_entries_independent' depends on axioms: [propext,
 Classical.choice,
 Quot.sound]
'ShortRingAnchor.cyclicShortRingRandomMatrix_entry_law' depends on axioms: [propext, Classical.choice, Quot.sound]
'ShortRingAnchor.cyclicV3Model' depends on axioms: [propext, Classical.choice, Quot.sound]
'ShortRingAnchor.denseVarianceCoefficient_sq' depends on axioms: [propext, Classical.choice, Quot.sound]
'ShortRingAnchor.denseVarianceProfile' depends on axioms: [propext, Classical.choice, Quot.sound]
'ShortRingAnchor.denseVarianceProfile_isBandwidth' depends on axioms: [propext, Classical.choice, Quot.sound]
'ShortRingAnchor.denseV3Model' depends on axioms: [propext, Classical.choice, Quot.sound]
'ShortRingAnchor.eventually_cyclic_bandwidth_ge_half_power' depends on axioms: [propext, Classical.choice, Quot.sound]
'ShortRingAnchor.dense_bandwidth_ge_half_power' depends on axioms: [propext, Classical.choice, Quot.sound]
'ShortRingAnchor.localBulkRateExponent_half_eq' depends on axioms: [propext, Classical.choice, Quot.sound]
'ShortRingAnchor.sourceV3MomentBudget' depends on axioms: [propext, Classical.choice, Quot.sound]
'ShortRingAnchor.sourceV3MomentBudget_ge_eight' depends on axioms: [propext, Classical.choice, Quot.sound]
'ShortRingAnchor.sourceV3MomentBudget_ge_left' depends on axioms: [propext, Classical.choice, Quot.sound]
'ShortRingAnchor.sourceV3MomentBudget_ge_right' depends on axioms: [propext, Classical.choice, Quot.sound]
'ShortRingAnchor.AtomDensityAlternative21.of_identDistrib' depends on axioms: [propext, Classical.choice, Quot.sound]
'ShortRingAnchor.lemma35LocalBulkComparisonInput_cyclic_dense' depends on axioms: [propext,
 Classical.choice,
 Quot.sound]
'ShortRingAnchor.proposition36_cyclicShortRing_of_atom_copies_and_bbv' depends on axioms: [propext,
 Classical.choice,
 Quot.sound]
