[axiom-audit] Section10/BernoulliSection10Complex/AnalyticAxiomAudit.lean: 8 reports expected
'BernoulliSection10Complex.IsPlanarDensityAtom.normalized' depends on axioms: [propext, Classical.choice, Quot.sound]
'BernoulliSection10Complex.IsPlanarDensityAtom.complexBallBound' depends on axioms: [propext,
 Classical.choice,
 Quot.sound]
'BernoulliSection10Complex.IsBoundedDensityAtom.measure_norm_add_smul_le' depends on axioms: [propext,
 Classical.choice,
 Quot.sound]
'BernoulliSection10Complex.IsBoundedDensityAtom.measure_norm_ge_le' depends on axioms: [propext,
 Classical.choice,
 Quot.sound]
'BernoulliSection10Complex.planar_lemma_10_2_rho' depends on axioms: [propext, Classical.choice, Quot.sound]
'BernoulliSection10Complex.planar_lemma_10_2_resampling' depends on axioms: [propext, Classical.choice, Quot.sound]
'BernoulliSection10Complex.planar_affine_ne_zero_ae' depends on axioms: [propext, Classical.choice, Quot.sound]
'BernoulliSection10Complex.planar_corollary_10_3' depends on axioms: [propext, Classical.choice, Quot.sound]
[axiom-audit] PASS Section10/BernoulliSection10Complex/AnalyticAxiomAudit.lean: 8 reports
[axiom-audit] Section10/BernoulliSection10Complex/FrontAxiomAudit.lean: 15 reports expected
'BernoulliSection10Complex.planar_lemma_10_5' depends on axioms: [propext, Classical.choice, Quot.sound]
'BernoulliSection10Complex.planar_intervalMaxHodgeEnvelope_memLp_two' depends on axioms: [propext,
 Classical.choice,
 Quot.sound]
'BernoulliSection10Complex.planar_intervalMaxHodgeEnvelope_lintegral_le_W_log_eW' depends on axioms: [propext,
 Classical.choice,
 Quot.sound]
'BernoulliSection10Complex.planar_proposition_10_7_periodic_seam' depends on axioms: [propext,
 Classical.choice,
 Quot.sound]
'BernoulliSection10Complex.planar_proposition_10_8_integrated_endpoint_comparison' depends on axioms: [propext,
 Classical.choice,
 Quot.sound]
'BernoulliSection10Complex.planar_proposition_10_9' depends on axioms: [propext, Classical.choice, Quot.sound]
'BernoulliSection10Complex.planar_proposition_10_10_packet_reset' depends on axioms: [propext,
 Classical.choice,
 Quot.sound]
'BernoulliSection10Complex.planar_physicalPacketCoefficient_ne_zero_ae' depends on axioms: [propext,
 Classical.choice,
 Quot.sound]
'BernoulliSection10Complex.planar_physicalPacketResetLoss_integrable' depends on axioms: [propext,
 Classical.choice,
 Quot.sound]
'BernoulliSection10Complex.planar_physicalPacketResetLoss_integral_le' depends on axioms: [propext,
 Classical.choice,
 Quot.sound]
'BernoulliSection10Complex.planar_intervalPressure_reset_increment' depends on axioms: [propext,
 Classical.choice,
 Quot.sound]
'BernoulliSection10Complex.planar_cyclicPressure_normalized_L1_bound' depends on axioms: [propext,
 Classical.choice,
 Quot.sound]
'BernoulliSection10Complex.density_ring_energy_limit_of_second_moment' depends on axioms: [propext,
 Classical.choice,
 Quot.sound]
'BernoulliSection10Complex.densityCorePressureDensity_tendsto_of_anchor' depends on axioms: [propext,
 Classical.choice,
 Quot.sound]
'BernoulliSection10Complex.densityCyclicMatrix_from_sequence' depends on axioms: [propext, Classical.choice, Quot.sound]
[axiom-audit] PASS Section10/BernoulliSection10Complex/FrontAxiomAudit.lean: 15 reports
[axiom-audit] PASS: 2 files, 23 reports; allowed axioms: Classical.choice, Quot.sound, propext
